// Jest Snapshot v1, https://goo.gl/fbAQLP

exports[`Modal component Matches snapshot 1`] = `undefined`;
