// Jest Snapshot v1, https://goo.gl/fbAQLP

exports[`Contact component Matches snapshot 1`] = `[Function]`;
